$ /Users/viktorzeman/work/trading-autoresearch/.venv/bin/python /Users/viktorzeman/work/trading-autoresearch/refresh_data.py --force

[prepare] SPY (Alpaca IEX): downloading 2190d 1m bars …
[prepare] SPY: 569,486 bars → /Users/viktorzeman/.cache/trading-autoresearch/SPY_1m.parquet
[refresh] 001/102 SPY: 569,486 bars, last=2026-05-05 14:58:00+00:00
[prepare] QQQ (Alpaca IEX): downloading 2190d 1m bars …
[prepare] QQQ: 543,417 bars → /Users/viktorzeman/.cache/trading-autoresearch/QQQ_1m.parquet
[refresh] 002/102 QQQ: 543,417 bars, last=2026-05-05 14:58:00+00:00
[prepare] IWM (Alpaca IEX): downloading 2190d 1m bars …
[prepare] IWM: 513,879 bars → /Users/viktorzeman/.cache/trading-autoresearch/IWM_1m.parquet
[refresh] 003/102 IWM: 513,879 bars, last=2026-05-05 14:59:00+00:00
[prepare] EEM (Alpaca IEX): downloading 2190d 1m bars …
[prepare] EEM: 446,097 bars → /Users/viktorzeman/.cache/trading-autoresearch/EEM_1m.parquet
[refresh] 004/102 EEM: 446,097 bars, last=2026-05-05 14:59:00+00:00
[prepare] XLF (Alpaca IEX): downloading 2190d 1m bars …
[prepare] XLF: 522,680 bars → /Users/viktorzeman/.cache/trading-autoresearch/XLF_1m.parquet
[refresh] 005/102 XLF: 522,680 bars, last=2026-05-05 15:00:00+00:00
[prepare] AAPL (Alpaca IEX): downloading 2190d 1m bars …
[prepare] AAPL: 562,861 bars → /Users/viktorzeman/.cache/trading-autoresearch/AAPL_1m.parquet
[refresh] 006/102 AAPL: 562,861 bars, last=2026-05-05 15:00:00+00:00
[prepare] MSFT (Alpaca IEX): downloading 2190d 1m bars …
[prepare] MSFT: 531,338 bars → /Users/viktorzeman/.cache/trading-autoresearch/MSFT_1m.parquet
[refresh] 007/102 MSFT: 531,338 bars, last=2026-05-05 15:01:00+00:00
[prepare] NVDA (Alpaca IEX): downloading 2190d 1m bars …
[prepare] NVDA: 537,704 bars → /Users/viktorzeman/.cache/trading-autoresearch/NVDA_1m.parquet
[refresh] 008/102 NVDA: 537,704 bars, last=2026-05-05 15:01:00+00:00
[prepare] AMZN (Alpaca IEX): downloading 2190d 1m bars …
[prepare] AMZN: 482,500 bars → /Users/viktorzeman/.cache/trading-autoresearch/AMZN_1m.parquet
[refresh] 009/102 AMZN: 482,500 bars, last=2026-05-05 15:02:00+00:00
[prepare] GOOGL (Alpaca IEX): downloading 2190d 1m bars …
[prepare] GOOGL: 446,948 bars → /Users/viktorzeman/.cache/trading-autoresearch/GOOGL_1m.parquet
[refresh] 010/102 GOOGL: 446,948 bars, last=2026-05-05 15:02:00+00:00
[prepare] META (Alpaca IEX): downloading 2190d 1m bars …
[prepare] META: 515,263 bars → /Users/viktorzeman/.cache/trading-autoresearch/META_1m.parquet
[refresh] 011/102 META: 515,263 bars, last=2026-05-05 15:03:00+00:00
[prepare] TSLA (Alpaca IEX): downloading 2190d 1m bars …
[prepare] TSLA: 542,849 bars → /Users/viktorzeman/.cache/trading-autoresearch/TSLA_1m.parquet
[refresh] 012/102 TSLA: 542,849 bars, last=2026-05-05 15:03:00+00:00
[prepare] AMD (Alpaca IEX): downloading 2190d 1m bars …
[prepare] AMD: 551,359 bars → /Users/viktorzeman/.cache/trading-autoresearch/AMD_1m.parquet
[refresh] 013/102 AMD: 551,359 bars, last=2026-05-05 15:04:00+00:00
[prepare] INTC (Alpaca IEX): downloading 2190d 1m bars …
[prepare] INTC: 556,328 bars → /Users/viktorzeman/.cache/trading-autoresearch/INTC_1m.parquet
[refresh] 014/102 INTC: 556,328 bars, last=2026-05-05 15:04:00+00:00
[prepare] NFLX (Alpaca IEX): downloading 2190d 1m bars …
[prepare] NFLX: 385,687 bars → /Users/viktorzeman/.cache/trading-autoresearch/NFLX_1m.parquet
[refresh] 015/102 NFLX: 385,687 bars, last=2026-05-05 15:05:00+00:00
[prepare] BAC (Alpaca IEX): downloading 2190d 1m bars …
[prepare] BAC: 546,286 bars → /Users/viktorzeman/.cache/trading-autoresearch/BAC_1m.parquet
[refresh] 016/102 BAC: 546,286 bars, last=2026-05-05 15:05:00+00:00
[prepare] F (Alpaca IEX): downloading 2190d 1m bars …
[prepare] F: 509,737 bars → /Users/viktorzeman/.cache/trading-autoresearch/F_1m.parquet
[refresh] 017/102 F: 509,737 bars, last=2026-05-05 15:06:00+00:00
[prepare] COIN (Alpaca IEX): downloading 2190d 1m bars …
[prepare] COIN: 374,733 bars → /Users/viktorzeman/.cache/trading-autoresearch/COIN_1m.parquet
[refresh] 018/102 COIN: 374,733 bars, last=2026-05-05 15:06:00+00:00
[prepare] PLTR (Alpaca IEX): downloading 2190d 1m bars …
[prepare] PLTR: 514,827 bars → /Users/viktorzeman/.cache/trading-autoresearch/PLTR_1m.parquet
[refresh] 019/102 PLTR: 514,827 bars, last=2026-05-05 15:06:00+00:00
[prepare] NIO (Alpaca IEX): downloading 2190d 1m bars …
[prepare] NIO: 489,946 bars → /Users/viktorzeman/.cache/trading-autoresearch/NIO_1m.parquet
[refresh] 020/102 NIO: 489,946 bars, last=2026-05-05 15:06:00+00:00
[prepare] TLT (Alpaca IEX): downloading 2190d 1m bars …
[prepare] TLT: 460,755 bars → /Users/viktorzeman/.cache/trading-autoresearch/TLT_1m.parquet
[refresh] 021/102 TLT: 460,755 bars, last=2026-05-05 15:07:00+00:00
[prepare] UUP (Alpaca IEX): downloading 2190d 1m bars …
[prepare] UUP: 43,088 bars → /Users/viktorzeman/.cache/trading-autoresearch/UUP_1m.parquet
[refresh] 022/102 UUP: 43,088 bars, last=2026-05-05 15:03:00+00:00
[prepare] UNH (Alpaca IEX): downloading 2190d 1m bars …
[prepare] UNH: 389,345 bars → /Users/viktorzeman/.cache/trading-autoresearch/UNH_1m.parquet
[refresh] 023/102 UNH: 389,345 bars, last=2026-05-05 15:08:00+00:00
[prepare] XOM (Alpaca IEX): downloading 2190d 1m bars …
[prepare] XOM: 527,244 bars → /Users/viktorzeman/.cache/trading-autoresearch/XOM_1m.parquet
[refresh] 024/102 XOM: 527,244 bars, last=2026-05-05 15:08:00+00:00
[prepare] MA (Alpaca IEX): downloading 2190d 1m bars …
[prepare] MA: 368,219 bars → /Users/viktorzeman/.cache/trading-autoresearch/MA_1m.parquet
[refresh] 025/102 MA: 368,219 bars, last=2026-05-05 15:09:00+00:00
[prepare] PG (Alpaca IEX): downloading 2190d 1m bars …
[prepare] PG: 449,562 bars → /Users/viktorzeman/.cache/trading-autoresearch/PG_1m.parquet
[refresh] 026/102 PG: 449,562 bars, last=2026-05-05 15:08:00+00:00
[prepare] HD (Alpaca IEX): downloading 2190d 1m bars …
[prepare] HD: 376,754 bars → /Users/viktorzeman/.cache/trading-autoresearch/HD_1m.parquet
[refresh] 027/102 HD: 376,754 bars, last=2026-05-05 15:09:00+00:00
[prepare] CVX (Alpaca IEX): downloading 2190d 1m bars …
[prepare] CVX: 469,675 bars → /Users/viktorzeman/.cache/trading-autoresearch/CVX_1m.parquet
[refresh] 028/102 CVX: 469,675 bars, last=2026-05-05 15:10:00+00:00
[prepare] LLY (Alpaca IEX): downloading 2190d 1m bars …
[prepare] LLY: 346,813 bars → /Users/viktorzeman/.cache/trading-autoresearch/LLY_1m.parquet
[refresh] 029/102 LLY: 346,813 bars, last=2026-05-05 15:10:00+00:00
[prepare] ABBV (Alpaca IEX): downloading 2190d 1m bars …
[prepare] ABBV: 424,459 bars → /Users/viktorzeman/.cache/trading-autoresearch/ABBV_1m.parquet
[refresh] 030/102 ABBV: 424,459 bars, last=2026-05-05 15:06:00+00:00
[prepare] KO (Alpaca IEX): downloading 2190d 1m bars …
[prepare] KO: 514,967 bars → /Users/viktorzeman/.cache/trading-autoresearch/KO_1m.parquet
[refresh] 031/102 KO: 514,967 bars, last=2026-05-05 15:11:00+00:00
[prepare] PEP (Alpaca IEX): downloading 2190d 1m bars …
[prepare] PEP: 401,989 bars → /Users/viktorzeman/.cache/trading-autoresearch/PEP_1m.parquet
[refresh] 032/102 PEP: 401,989 bars, last=2026-05-05 15:11:00+00:00
[prepare] AVGO (Alpaca IEX): downloading 2190d 1m bars …
[prepare] AVGO: 366,003 bars → /Users/viktorzeman/.cache/trading-autoresearch/AVGO_1m.parquet
[refresh] 033/102 AVGO: 366,003 bars, last=2026-05-05 15:12:00+00:00
[prepare] COST (Alpaca IEX): downloading 2190d 1m bars …
[prepare] COST: 252,771 bars → /Users/viktorzeman/.cache/trading-autoresearch/COST_1m.parquet
[refresh] 034/102 COST: 252,771 bars, last=2026-05-05 15:12:00+00:00
[prepare] MCD (Alpaca IEX): downloading 2190d 1m bars …
[prepare] MCD: 343,960 bars → /Users/viktorzeman/.cache/trading-autoresearch/MCD_1m.parquet
[refresh] 035/102 MCD: 343,960 bars, last=2026-05-05 15:12:00+00:00
[prepare] TMO (Alpaca IEX): downloading 2190d 1m bars …
[prepare] TMO: 279,695 bars → /Users/viktorzeman/.cache/trading-autoresearch/TMO_1m.parquet
[refresh] 036/102 TMO: 279,695 bars, last=2026-05-05 15:13:00+00:00
[prepare] MRK (Alpaca IEX): downloading 2190d 1m bars …
[prepare] MRK: 491,893 bars → /Users/viktorzeman/.cache/trading-autoresearch/MRK_1m.parquet
[refresh] 037/102 MRK: 491,893 bars, last=2026-05-05 15:13:00+00:00
[prepare] ACN (Alpaca IEX): downloading 2190d 1m bars …
[prepare] ACN: 328,927 bars → /Users/viktorzeman/.cache/trading-autoresearch/ACN_1m.parquet
[refresh] 038/102 ACN: 328,927 bars, last=2026-05-05 15:13:00+00:00
[prepare] ABT (Alpaca IEX): downloading 2190d 1m bars …
[prepare] ABT: 427,434 bars → /Users/viktorzeman/.cache/trading-autoresearch/ABT_1m.parquet
[refresh] 039/102 ABT: 427,434 bars, last=2026-05-05 15:14:00+00:00
[prepare] NKE (Alpaca IEX): downloading 2190d 1m bars …
[prepare] NKE: 483,466 bars → /Users/viktorzeman/.cache/trading-autoresearch/NKE_1m.parquet
[refresh] 040/102 NKE: 483,466 bars, last=2026-05-05 15:14:00+00:00
[prepare] BA (Alpaca IEX): downloading 2190d 1m bars …
[prepare] BA: 432,313 bars → /Users/viktorzeman/.cache/trading-autoresearch/BA_1m.parquet
[refresh] 041/102 BA: 432,313 bars, last=2026-05-05 15:15:00+00:00
[prepare] ORCL (Alpaca IEX): downloading 2190d 1m bars …
[prepare] ORCL: 493,924 bars → /Users/viktorzeman/.cache/trading-autoresearch/ORCL_1m.parquet
[refresh] 042/102 ORCL: 493,924 bars, last=2026-05-05 15:15:00+00:00
[prepare] PFE (Alpaca IEX): downloading 2190d 1m bars …
[prepare] PFE: 538,295 bars → /Users/viktorzeman/.cache/trading-autoresearch/PFE_1m.parquet
[refresh] 043/102 PFE: 538,295 bars, last=2026-05-05 15:16:00+00:00
[prepare] CRM (Alpaca IEX): downloading 2190d 1m bars …
[prepare] CRM: 460,426 bars → /Users/viktorzeman/.cache/trading-autoresearch/CRM_1m.parquet
[refresh] 044/102 CRM: 460,426 bars, last=2026-05-05 15:16:00+00:00
[prepare] DHR (Alpaca IEX): downloading 2190d 1m bars …
[prepare] DHR: 361,210 bars → /Users/viktorzeman/.cache/trading-autoresearch/DHR_1m.parquet
[refresh] 045/102 DHR: 361,210 bars, last=2026-05-05 15:16:00+00:00
[prepare] NEE (Alpaca IEX): downloading 2190d 1m bars …
[prepare] NEE: 474,031 bars → /Users/viktorzeman/.cache/trading-autoresearch/NEE_1m.parquet
[refresh] 046/102 NEE: 474,031 bars, last=2026-05-05 15:17:00+00:00
[prepare] TXN (Alpaca IEX): downloading 2190d 1m bars …
[prepare] TXN: 417,404 bars → /Users/viktorzeman/.cache/trading-autoresearch/TXN_1m.parquet
[refresh] 047/102 TXN: 417,404 bars, last=2026-05-05 15:18:00+00:00
[prepare] VZ (Alpaca IEX): downloading 2190d 1m bars …
[prepare] VZ: 525,340 bars → /Users/viktorzeman/.cache/trading-autoresearch/VZ_1m.parquet
[refresh] 048/102 VZ: 525,340 bars, last=2026-05-05 15:18:00+00:00
[prepare] ADBE (Alpaca IEX): downloading 2190d 1m bars …
[prepare] ADBE: 360,004 bars → /Users/viktorzeman/.cache/trading-autoresearch/ADBE_1m.parquet
[refresh] 049/102 ADBE: 360,004 bars, last=2026-05-05 15:19:00+00:00
[prepare] CMCSA (Alpaca IEX): downloading 2190d 1m bars …
[prepare] CMCSA: 532,504 bars → /Users/viktorzeman/.cache/trading-autoresearch/CMCSA_1m.parquet
[refresh] 050/102 CMCSA: 532,504 bars, last=2026-05-05 15:19:00+00:00
[prepare] BMY (Alpaca IEX): downloading 2190d 1m bars …
[prepare] BMY: 501,987 bars → /Users/viktorzeman/.cache/trading-autoresearch/BMY_1m.parquet
[refresh] 051/102 BMY: 501,987 bars, last=2026-05-05 15:20:00+00:00
[prepare] T (Alpaca IEX): downloading 2190d 1m bars …
[prepare] T: 522,157 bars → /Users/viktorzeman/.cache/trading-autoresearch/T_1m.parquet
[refresh] 052/102 T: 522,157 bars, last=2026-05-05 15:20:00+00:00
[prepare] PM (Alpaca IEX): downloading 2190d 1m bars …
[prepare] PM: 395,579 bars → /Users/viktorzeman/.cache/trading-autoresearch/PM_1m.parquet
[refresh] 053/102 PM: 395,579 bars, last=2026-05-05 15:21:00+00:00
[prepare] RTX (Alpaca IEX): downloading 2190d 1m bars …
[prepare] RTX: 419,979 bars → /Users/viktorzeman/.cache/trading-autoresearch/RTX_1m.parquet
[refresh] 054/102 RTX: 419,979 bars, last=2026-05-05 15:21:00+00:00
[prepare] QCOM (Alpaca IEX): downloading 2190d 1m bars …
[prepare] QCOM: 471,961 bars → /Users/viktorzeman/.cache/trading-autoresearch/QCOM_1m.parquet
[refresh] 055/102 QCOM: 471,961 bars, last=2026-05-05 15:21:00+00:00
[prepare] UPS (Alpaca IEX): downloading 2190d 1m bars …
[prepare] UPS: 380,541 bars → /Users/viktorzeman/.cache/trading-autoresearch/UPS_1m.parquet
[refresh] 056/102 UPS: 380,541 bars, last=2026-05-05 15:22:00+00:00
[prepare] HON (Alpaca IEX): downloading 2190d 1m bars …
[prepare] HON: 335,198 bars → /Users/viktorzeman/.cache/trading-autoresearch/HON_1m.parquet
[refresh] 057/102 HON: 335,198 bars, last=2026-05-05 15:22:00+00:00
[prepare] LIN (Alpaca IEX): downloading 2190d 1m bars …
[prepare] LIN: 271,092 bars → /Users/viktorzeman/.cache/trading-autoresearch/LIN_1m.parquet
[refresh] 058/102 LIN: 271,092 bars, last=2026-05-05 15:22:00+00:00
[prepare] IBM (Alpaca IEX): downloading 2190d 1m bars …
[prepare] IBM: 388,484 bars → /Users/viktorzeman/.cache/trading-autoresearch/IBM_1m.parquet
[refresh] 059/102 IBM: 388,484 bars, last=2026-05-05 15:23:00+00:00
[prepare] LOW (Alpaca IEX): downloading 2190d 1m bars …
[prepare] LOW: 370,970 bars → /Users/viktorzeman/.cache/trading-autoresearch/LOW_1m.parquet
[refresh] 060/102 LOW: 370,970 bars, last=2026-05-05 15:22:00+00:00
[prepare] AMT (Alpaca IEX): downloading 2190d 1m bars …
[prepare] AMT: 301,778 bars → /Users/viktorzeman/.cache/trading-autoresearch/AMT_1m.parquet
[refresh] 061/102 AMT: 301,778 bars, last=2026-05-05 15:24:00+00:00
[prepare] AMGN (Alpaca IEX): downloading 2190d 1m bars …
[prepare] AMGN: 319,550 bars → /Users/viktorzeman/.cache/trading-autoresearch/AMGN_1m.parquet
[refresh] 062/102 AMGN: 319,550 bars, last=2026-05-05 15:23:00+00:00
[prepare] AMAT (Alpaca IEX): downloading 2190d 1m bars …
[prepare] AMAT: 455,469 bars → /Users/viktorzeman/.cache/trading-autoresearch/AMAT_1m.parquet
[refresh] 063/102 AMAT: 455,469 bars, last=2026-05-05 15:24:00+00:00
[prepare] LMT (Alpaca IEX): downloading 2190d 1m bars …
[prepare] LMT: 226,977 bars → /Users/viktorzeman/.cache/trading-autoresearch/LMT_1m.parquet
[refresh] 064/102 LMT: 226,977 bars, last=2026-05-05 15:24:00+00:00
[prepare] INTU (Alpaca IEX): downloading 2190d 1m bars …
[prepare] INTU: 275,535 bars → /Users/viktorzeman/.cache/trading-autoresearch/INTU_1m.parquet
[refresh] 065/102 INTU: 275,535 bars, last=2026-05-05 15:25:00+00:00
[prepare] GS (Alpaca IEX): downloading 2190d 1m bars …
[prepare] GS: 293,629 bars → /Users/viktorzeman/.cache/trading-autoresearch/GS_1m.parquet
[refresh] 066/102 GS: 293,629 bars, last=2026-05-05 15:25:00+00:00
[prepare] CAT (Alpaca IEX): downloading 2190d 1m bars …
[prepare] CAT: 328,617 bars → /Users/viktorzeman/.cache/trading-autoresearch/CAT_1m.parquet
[refresh] 067/102 CAT: 328,617 bars, last=2026-05-05 15:25:00+00:00
[prepare] SPGI (Alpaca IEX): downloading 2190d 1m bars …
[prepare] SPGI: 257,403 bars → /Users/viktorzeman/.cache/trading-autoresearch/SPGI_1m.parquet
[refresh] 068/102 SPGI: 257,403 bars, last=2026-05-05 15:26:00+00:00
[prepare] NOW (Alpaca IEX): downloading 2190d 1m bars …
[prepare] NOW: 262,680 bars → /Users/viktorzeman/.cache/trading-autoresearch/NOW_1m.parquet
[refresh] 069/102 NOW: 262,680 bars, last=2026-05-05 15:26:00+00:00
[prepare] GE (Alpaca IEX): downloading 2190d 1m bars …
[prepare] GE: 447,089 bars → /Users/viktorzeman/.cache/trading-autoresearch/GE_1m.parquet
[refresh] 070/102 GE: 447,089 bars, last=2026-05-05 15:26:00+00:00
[prepare] BLK (Alpaca IEX): downloading 2190d 1m bars …
[prepare] BLK: 156,155 bars → /Users/viktorzeman/.cache/trading-autoresearch/BLK_1m.parquet
[refresh] 071/102 BLK: 156,155 bars, last=2026-05-05 15:27:00+00:00
[prepare] AXP (Alpaca IEX): downloading 2190d 1m bars …
[prepare] AXP: 351,564 bars → /Users/viktorzeman/.cache/trading-autoresearch/AXP_1m.parquet
[refresh] 072/102 AXP: 351,564 bars, last=2026-05-05 15:27:00+00:00
[prepare] ELV (Alpaca IEX): downloading 2190d 1m bars …
[prepare] ELV: 245,393 bars → /Users/viktorzeman/.cache/trading-autoresearch/ELV_1m.parquet
[refresh] 073/102 ELV: 245,393 bars, last=2026-05-05 15:27:00+00:00
[prepare] MS (Alpaca IEX): downloading 2190d 1m bars …
[prepare] MS: 467,593 bars → /Users/viktorzeman/.cache/trading-autoresearch/MS_1m.parquet
[refresh] 074/102 MS: 467,593 bars, last=2026-05-05 15:26:00+00:00
[prepare] MDLZ (Alpaca IEX): downloading 2190d 1m bars …
[prepare] MDLZ: 458,545 bars → /Users/viktorzeman/.cache/trading-autoresearch/MDLZ_1m.parquet
[refresh] 075/102 MDLZ: 458,545 bars, last=2026-05-05 15:28:00+00:00
[prepare] BKNG (Alpaca IEX): downloading 2190d 1m bars …
[prepare] BKNG: 113,736 bars → /Users/viktorzeman/.cache/trading-autoresearch/BKNG_1m.parquet
[refresh] 076/102 BKNG: 113,736 bars, last=2026-05-05 15:28:00+00:00
[prepare] DE (Alpaca IEX): downloading 2190d 1m bars …
[prepare] DE: 274,216 bars → /Users/viktorzeman/.cache/trading-autoresearch/DE_1m.parquet
[refresh] 077/102 DE: 274,216 bars, last=2026-05-05 15:28:00+00:00
[prepare] ADI (Alpaca IEX): downloading 2190d 1m bars …
[prepare] ADI: 373,632 bars → /Users/viktorzeman/.cache/trading-autoresearch/ADI_1m.parquet
[refresh] 078/102 ADI: 373,632 bars, last=2026-05-05 15:29:00+00:00
[prepare] PLD (Alpaca IEX): downloading 2190d 1m bars …
[prepare] PLD: 343,240 bars → /Users/viktorzeman/.cache/trading-autoresearch/PLD_1m.parquet
[refresh] 079/102 PLD: 343,240 bars, last=2026-05-05 15:29:00+00:00
[prepare] ISRG (Alpaca IEX): downloading 2190d 1m bars …
[prepare] ISRG: 245,028 bars → /Users/viktorzeman/.cache/trading-autoresearch/ISRG_1m.parquet
[refresh] 080/102 ISRG: 245,028 bars, last=2026-05-05 15:28:00+00:00
[prepare] MMC (Alpaca IEX): downloading 2190d 1m bars …
[prepare] MMC: 265,516 bars → /Users/viktorzeman/.cache/trading-autoresearch/MMC_1m.parquet
[refresh] 081/102 MMC: 265,516 bars, last=2026-01-13 20:59:00+00:00
[prepare] GILD (Alpaca IEX): downloading 2190d 1m bars …
[prepare] GILD: 445,927 bars → /Users/viktorzeman/.cache/trading-autoresearch/GILD_1m.parquet
[refresh] 082/102 GILD: 445,927 bars, last=2026-05-05 15:30:00+00:00
[prepare] MO (Alpaca IEX): downloading 2190d 1m bars …
[prepare] MO: 449,194 bars → /Users/viktorzeman/.cache/trading-autoresearch/MO_1m.parquet
[refresh] 083/102 MO: 449,194 bars, last=2026-05-05 15:31:00+00:00
[prepare] SBUX (Alpaca IEX): downloading 2190d 1m bars …
[prepare] SBUX: 467,956 bars → /Users/viktorzeman/.cache/trading-autoresearch/SBUX_1m.parquet
[refresh] 084/102 SBUX: 467,956 bars, last=2026-05-05 15:29:00+00:00
[prepare] ETN (Alpaca IEX): downloading 2190d 1m bars …
[prepare] ETN: 321,575 bars → /Users/viktorzeman/.cache/trading-autoresearch/ETN_1m.parquet
[refresh] 085/102 ETN: 321,575 bars, last=2026-05-05 15:31:00+00:00
[prepare] ZTS (Alpaca IEX): downloading 2190d 1m bars …
[prepare] ZTS: 310,853 bars → /Users/viktorzeman/.cache/trading-autoresearch/ZTS_1m.parquet
[refresh] 086/102 ZTS: 310,853 bars, last=2026-05-05 15:32:00+00:00
[prepare] REGN (Alpaca IEX): downloading 2190d 1m bars …
[prepare] REGN: 159,723 bars → /Users/viktorzeman/.cache/trading-autoresearch/REGN_1m.parquet
[refresh] 087/102 REGN: 159,723 bars, last=2026-05-05 15:32:00+00:00
[prepare] VRTX (Alpaca IEX): downloading 2190d 1m bars …
[prepare] VRTX: 243,251 bars → /Users/viktorzeman/.cache/trading-autoresearch/VRTX_1m.parquet
[refresh] 088/102 VRTX: 243,251 bars, last=2026-05-05 15:32:00+00:00
[prepare] C (Alpaca IEX): downloading 2190d 1m bars …
[prepare] C: 517,055 bars → /Users/viktorzeman/.cache/trading-autoresearch/C_1m.parquet
[refresh] 089/102 C: 517,055 bars, last=2026-05-05 15:33:00+00:00
[prepare] COF (Alpaca IEX): downloading 2190d 1m bars …
[prepare] COF: 354,347 bars → /Users/viktorzeman/.cache/trading-autoresearch/COF_1m.parquet
[refresh] 090/102 COF: 354,347 bars, last=2026-05-05 15:33:00+00:00
[prepare] SCHW (Alpaca IEX): downloading 2190d 1m bars …
[prepare] SCHW: 490,159 bars → /Users/viktorzeman/.cache/trading-autoresearch/SCHW_1m.parquet
[refresh] 091/102 SCHW: 490,159 bars, last=2026-05-05 15:33:00+00:00
[prepare] CI (Alpaca IEX): downloading 2190d 1m bars …
[prepare] CI: 281,247 bars → /Users/viktorzeman/.cache/trading-autoresearch/CI_1m.parquet
[refresh] 092/102 CI: 281,247 bars, last=2026-05-05 15:33:00+00:00
[prepare] DUK (Alpaca IEX): downloading 2190d 1m bars …
[prepare] DUK: 320,497 bars → /Users/viktorzeman/.cache/trading-autoresearch/DUK_1m.parquet
[refresh] 093/102 DUK: 320,497 bars, last=2026-05-05 15:34:00+00:00
[prepare] BSX (Alpaca IEX): downloading 2190d 1m bars …
[prepare] BSX: 473,986 bars → /Users/viktorzeman/.cache/trading-autoresearch/BSX_1m.parquet
[refresh] 094/102 BSX: 473,986 bars, last=2026-05-05 15:35:00+00:00
[prepare] USB (Alpaca IEX): downloading 2190d 1m bars …
[prepare] USB: 459,492 bars → /Users/viktorzeman/.cache/trading-autoresearch/USB_1m.parquet
[refresh] 095/102 USB: 459,492 bars, last=2026-05-05 15:35:00+00:00
[prepare] CB (Alpaca IEX): downloading 2190d 1m bars …
[prepare] CB: 271,758 bars → /Users/viktorzeman/.cache/trading-autoresearch/CB_1m.parquet
[refresh] 096/102 CB: 271,758 bars, last=2026-05-05 15:35:00+00:00
[prepare] SYK (Alpaca IEX): downloading 2190d 1m bars …
[prepare] SYK: 249,286 bars → /Users/viktorzeman/.cache/trading-autoresearch/SYK_1m.parquet
[refresh] 097/102 SYK: 249,286 bars, last=2026-05-05 15:36:00+00:00
[prepare] JPM (Alpaca IEX): downloading 2190d 1m bars …
[prepare] JPM: 469,593 bars → /Users/viktorzeman/.cache/trading-autoresearch/JPM_1m.parquet
[refresh] 098/102 JPM: 469,593 bars, last=2026-05-05 15:36:00+00:00
[prepare] WMT (Alpaca IEX): downloading 2190d 1m bars …
[prepare] WMT: 481,837 bars → /Users/viktorzeman/.cache/trading-autoresearch/WMT_1m.parquet
[refresh] 099/102 WMT: 481,837 bars, last=2026-05-05 15:36:00+00:00
[prepare] V (Alpaca IEX): downloading 2190d 1m bars …
[prepare] V: 462,300 bars → /Users/viktorzeman/.cache/trading-autoresearch/V_1m.parquet
[refresh] 100/102 V: 462,300 bars, last=2026-05-05 15:37:00+00:00
[prepare] DIS (Alpaca IEX): downloading 2190d 1m bars …
[prepare] DIS: 487,044 bars → /Users/viktorzeman/.cache/trading-autoresearch/DIS_1m.parquet
[refresh] 101/102 DIS: 487,044 bars, last=2026-05-05 15:37:00+00:00
[prepare] JNJ (Alpaca IEX): downloading 2190d 1m bars …
[prepare] JNJ: 452,653 bars → /Users/viktorzeman/.cache/trading-autoresearch/JNJ_1m.parquet
[refresh] 102/102 JNJ: 452,653 bars, last=2026-05-05 15:36:00+00:00
[refresh] done ok=102 failed=0 elapsed=2429.8s
